// Jest Snapshot v1, https://goo.gl/fbAQLP

exports[`NewQuestion matches the snapshot, no data is transfered 1`] = `
Object {
  "asFragment": [Function],
  "baseElement": <body>
    <div>
      <div>
        <div
          class="center"
        >
          <h2>
            Would You Rather
          </h2>
          <h4>
            Create Your Own Poll
          </h4>
        </div>
        <form
          class="new-question"
        >
          <h5>
            First Option
          </h5>
          <textarea
            class="textarea"
            maxlength="50"
            placeholder="Option One"
          />
          <h5>
            Second Option
          </h5>
          <textarea
            class="textarea"
            maxlength="50"
            placeholder="Option Two"
          />
          <button
            class="btn"
            disabled=""
            type="submit"
          >
            Submit
          </button>
        </form>
      </div>
    </div>
  </body>,
  "container": <div>
    <div>
      <div
        class="center"
      >
        <h2>
          Would You Rather
        </h2>
        <h4>
          Create Your Own Poll
        </h4>
      </div>
      <form
        class="new-question"
      >
        <h5>
          First Option
        </h5>
        <textarea
          class="textarea"
          maxlength="50"
          placeholder="Option One"
        />
        <h5>
          Second Option
        </h5>
        <textarea
          class="textarea"
          maxlength="50"
          placeholder="Option Two"
        />
        <button
          class="btn"
          disabled=""
          type="submit"
        >
          Submit
        </button>
      </form>
    </div>
  </div>,
  "debug": [Function],
  "findAllByAltText": [Function],
  "findAllByDisplayValue": [Function],
  "findAllByLabelText": [Function],
  "findAllByPlaceholderText": [Function],
  "findAllByRole": [Function],
  "findAllByTestId": [Function],
  "findAllByText": [Function],
  "findAllByTitle": [Function],
  "findByAltText": [Function],
  "findByDisplayValue": [Function],
  "findByLabelText": [Function],
  "findByPlaceholderText": [Function],
  "findByRole": [Function],
  "findByTestId": [Function],
  "findByText": [Function],
  "findByTitle": [Function],
  "getAllByAltText": [Function],
  "getAllByDisplayValue": [Function],
  "getAllByLabelText": [Function],
  "getAllByPlaceholderText": [Function],
  "getAllByRole": [Function],
  "getAllByTestId": [Function],
  "getAllByText": [Function],
  "getAllByTitle": [Function],
  "getByAltText": [Function],
  "getByDisplayValue": [Function],
  "getByLabelText": [Function],
  "getByPlaceholderText": [Function],
  "getByRole": [Function],
  "getByTestId": [Function],
  "getByText": [Function],
  "getByTitle": [Function],
  "queryAllByAltText": [Function],
  "queryAllByDisplayValue": [Function],
  "queryAllByLabelText": [Function],
  "queryAllByPlaceholderText": [Function],
  "queryAllByRole": [Function],
  "queryAllByTestId": [Function],
  "queryAllByText": [Function],
  "queryAllByTitle": [Function],
  "queryByAltText": [Function],
  "queryByDisplayValue": [Function],
  "queryByLabelText": [Function],
  "queryByPlaceholderText": [Function],
  "queryByRole": [Function],
  "queryByTestId": [Function],
  "queryByText": [Function],
  "queryByTitle": [Function],
  "rerender": [Function],
  "unmount": [Function],
}
`;
